#-----------------------------------------------------------
# updatemem v2017.4 (64-bit)
# SW Build 2086221 on Fri Dec 15 20:55:39 MST 2017
# 
# Start of session at: Sat Apr  7 13:30:59 2018
# Process ID: 11128
# Current directory: D:/Workspaces/Xilinx/Arty_RGB_AXI
# Command line: updatemem.exe -mode batch -source D:/Xilinx/SDK/2017.4/scripts/updatemem/main.tcl -notrace -tclargs -meminfo D:/Workspaces/Xilinx/Arty_RGB_AXI/Arty_RGB_AXI.sdk/design_1_wrapper_hw_platform_0/design_1_wrapper.mmi -data D:/Xilinx/SDK/2017.4/data/embeddedsw/lib/microblaze/mb_bootloop_le.elf -proc design_1_i/microblaze_0 -bit D:/Workspaces/Xilinx/Arty_RGB_AXI/Arty_RGB_AXI.sdk/design_1_wrapper_hw_platform_0/design_1_wrapper.bit -out D:/Workspaces/Xilinx/Arty_RGB_AXI/Arty_RGB_AXI.sdk/design_1_wrapper_hw_platform_0/download.bit -force
# Log file: D:/Workspaces/Xilinx/Arty_RGB_AXI/updatemem.log
# Journal file: D:/Workspaces/Xilinx/Arty_RGB_AXI\updatemem.jou
#-----------------------------------------------------------
source D:/Xilinx/SDK/2017.4/scripts/updatemem/main.tcl -notrace
