10:48:03 **** Auto Build of configuration Debug for project Dual_DAC_AXI ****
make pre-build main-build 
a9-linaro-pre-build-step
' '
'Building file: ../src/helloworld.c'
'Invoking: ARM v7 gcc compiler'
arm-none-eabi-gcc -Wall -O0 -g3 -c -fmessage-length=0 -MT"src/helloworld.o" -mcpu=cortex-a9 -mfpu=vfpv3 -mfloat-abi=hard -I../../Dual_DAC_AXI_bsp/ps7_cortexa9_0/include -MMD -MP -MF"src/helloworld.d" -MT"src/helloworld.o" -o "src/helloworld.o" "../src/helloworld.c"
'Finished building: ../src/helloworld.c'
' '
'Building target: Dual_DAC_AXI.elf'
'Invoking: ARM v7 gcc linker'
arm-none-eabi-gcc -mcpu=cortex-a9 -mfpu=vfpv3 -mfloat-abi=hard -Wl,-build-id=none -specs=Xilinx.spec -Wl,-T -Wl,../src/lscript.ld -L../../Dual_DAC_AXI_bsp/ps7_cortexa9_0/lib -o "Dual_DAC_AXI.elf"  ./src/helloworld.o ./src/platform.o   -Wl,--start-group,-lxil,-lgcc,-lc,--end-group
'Finished building target: Dual_DAC_AXI.elf'
' '
'Invoking: ARM v7 Print Size'
arm-none-eabi-size Dual_DAC_AXI.elf  |tee "Dual_DAC_AXI.elf.size"
   text	   data	    bss	    dec	    hex	filename
  85604	   2580	  23328	 111512	  1b398	Dual_DAC_AXI.elf
'Finished building: Dual_DAC_AXI.elf.size'
' '

10:48:05 Build Finished (took 1s.251ms)

